../Core/Src/dropper.c:8:6:_dropper_StepIRQ	4	static
../Core/Src/dropper.c:12:6:_dropper_SeedSensorIRQ	4	static
../Core/Src/dropper.c:16:6:_dropper_HomingSensorIRQ	4	static
../Core/Src/dropper.c:20:6:_dropper_Init	16	static
../Core/Src/dropper.c:107:6:_dropper_OpenChannel	16	static
../Core/Src/dropper.c:112:6:_dropper_CloseChannel	16	static
../Core/Src/dropper.c:117:6:_dropper_StartVibrate	8	static
../Core/Src/dropper.c:121:6:_dropper_StopVibrate	8	static
../Core/Src/dropper.c:126:6:_dropper_SelfTest	8	static
../Core/Src/dropper.c:163:6:_dropper_setStepperMoveDirection	16	static
../Core/Src/dropper.c:184:19:_dropper_RotateDrum_deg	24	static
../Core/Src/dropper.c:214:6:_dropper_MoveDropper_mm	24	static
../Core/Src/dropper.c:237:6:_dropper_SowSeeds	24	static
../Core/Src/dropper.c:283:6:_dropper_ShakeSeeds	16	static
../Core/Src/dropper.c:291:6:_dropper_Home	4	static
../Core/Src/dropper.c:297:6:_dropper_execCmd	72	static
../Core/Src/dropper.c:335:6:_dropper_execCmd_Help	8	static
../Core/Src/dropper.c:339:6:_dropper_execCmd_GetStatus	4	static
../Core/Src/dropper.c:343:6:_dropper_execCmd_Sow	24	static
../Core/Src/dropper.c:362:6:_dropper_execCmd_SowExt	16	static
../Core/Src/dropper.c:366:6:_dropper_execCmd_HomeDropper	4	static
../Core/Src/dropper.c:370:6:_dropper_execCmd_MoveDropper	16	static
../Core/Src/dropper.c:374:6:_dropper_execCmd_Selftest	8	static
