../Core/Src/dropper.c:12:6:_dropper_StepIRQ	4	static
../Core/Src/dropper.c:16:6:_dropper_Init	8	static
../Core/Src/dropper.c:44:6:_dropper_OpenChannel	16	static
../Core/Src/dropper.c:66:6:_dropper_CloseChannel	16	static
../Core/Src/dropper.c:89:6:_dropper_StartVibrate	16	static
../Core/Src/dropper.c:99:6:_dropper_StopVibrate	16	static
../Core/Src/dropper.c:110:6:_dropper_SelfTest	8	static
../Core/Src/dropper.c:157:6:_dropper_DropperSetMoveDirection	16	static
../Core/Src/dropper.c:168:6:_dropper_DrumSetMoveDirection	16	static
../Core/Src/dropper.c:179:6:_dropper_RotateDrum_deg	24	static
../Core/Src/dropper.c:198:6:_dropper_MoveDropper_mm	24	static
../Core/Src/dropper.c:218:6:_dropper_SowSeeds	16	static
