../Core/Src/dropper.c:8:6:_dropper_StepIRQ	4	static
../Core/Src/dropper.c:12:6:_dropper_SeedSensorIRQ	4	static
../Core/Src/dropper.c:16:6:_dropper_HomingSensorIRQ	4	static
../Core/Src/dropper.c:20:6:_dropper_Init	16	static
../Core/Src/dropper.c:92:6:_dropper_OpenChannel	16	static
../Core/Src/dropper.c:97:6:_dropper_CloseChannel	16	static
../Core/Src/dropper.c:102:6:_dropper_StartVibrate	8	static
../Core/Src/dropper.c:106:6:_dropper_StopVibrate	8	static
../Core/Src/dropper.c:111:6:_dropper_SelfTest	8	static
../Core/Src/dropper.c:158:6:_dropper_DropperSetMoveDirection	16	static
../Core/Src/dropper.c:169:6:_dropper_DrumSetMoveDirection	16	static
../Core/Src/dropper.c:180:19:_dropper_RotateDrum_deg	24	static
../Core/Src/dropper.c:210:6:_dropper_MoveDropper_mm	24	static
../Core/Src/dropper.c:231:6:_dropper_SowSeeds	24	static
../Core/Src/dropper.c:277:6:_dropper_ShakeSeeds	16	static
../Core/Src/dropper.c:287:6:_dropper_Home	4	static
../Core/Src/dropper.c:293:6:_dropper_execCmd	72	static
../Core/Src/dropper.c:327:6:_dropper_execCmd_Help	8	static
../Core/Src/dropper.c:331:6:_dropper_execCmd_GetStatus	4	static
../Core/Src/dropper.c:335:6:_dropper_execCmd_Sow	24	static
../Core/Src/dropper.c:354:6:_dropper_execCmd_SowExt	16	static
../Core/Src/dropper.c:358:6:_dropper_execCmd_HomeDropper	4	static
../Core/Src/dropper.c:362:6:_dropper_execCmd_MoveDropper	16	static
